[chatscaleagency.com/index.html]
[backblue.gif]
[fade.gif]
[index.html]
[chatscaleagency.com/favicon.png]
[chatscaleagency.com/assets/logo-transparent.png]
[chatscaleagency.com/career/index.html]
[chatscaleagency.com/about/index.html]
[chatscaleagency.com/contact/index.html]
[chatscaleagency.com/assets/team-creative-v3.png]
[chatscaleagency.com/assets/team-growth-v3.png]
[chatscaleagency.com/assets/team-founder-v2.png]
[chatscaleagency.com/assets/team-social-1.png]
[chatscaleagency.com/assets/social-life.png]
[chatscaleagency.com/assets/team-social-2.png]
[chatscaleagency.com/legal/index.html]
[chatscaleagency.com/cdn-cgi/challenge-platform/h/b/scripts/jsd/3104729c556c/maind41d.js]
[chatscaleagency.com/index.html]
[chatscaleagency.com/assets/team-tech-v2.png]
[chatscaleagency.com/about/index.html]
[chatscaleagency.com/de/index.html]
[chatscaleagency.com/assets/team_chaos.png]
[chatscaleagency.com/career/index.html]
[chatscaleagency.com/contact/index.html]
[chatscaleagency.com/legal/index.html]
[chatscaleagency.com/career/chat-sales-representative/index.html]
[chatscaleagency.com/de/about/index.html]
[chatscaleagency.com/de/career/index.html]
[chatscaleagency.com/de/index.html]
[chatscaleagency.com/career/chat-sales-representative/index.html]
[chatscaleagency.com/de/about/index.html]
[chatscaleagency.com/de/contact/index.html]
[chatscaleagency.com/de/career/index.html]
[chatscaleagency.com/de/contact/index.html]
[chatscaleagency.com/de/legal/index.html]
[chatscaleagency.com/de/legal/index.html]
[chatscaleagency.com/de/career/chat-sales-representative/index.html]
[chatscaleagency.com/de/career/chat-sales-representative/index.html]
[chatscaleagency.com/de/chat-sales-representative.html]
